[MAIN] Using multi-molecule config: molecule_config.json

======================================================================
STEP 1: Sampling Cluster Geometries
======================================================================
[MAIN] Running sampling engine in-process (workers=1)
[LOAD] H2SO4: 1x from monomer/opt-cisSA-B97-3c.xyz (7 atoms)
[LOAD] PT: 2x from monomer/opt-PT-B97-3c.xyz (89 atoms)
Done. Generated 5 cluster seeds in E:\Research\Scripts\sampling\out\seeds
Composition: 1H2SO4 + 2PT

======================================================================
STEP 2: Extracting Individual Seed Files
======================================================================
[EXTRACT] seeds_H2SO4_combined.xyz → 5 files in out\seeds_xyz

======================================================================
SUCCESS: Extracted 5 additional seed files
Output directory: E:\Research\Scripts\sampling\out\seeds_xyz
